2026-03-12 22:35:55,175 - default_logger - DEBUG - currlabel row 0
2026-03-12 22:35:55,191 - default_logger - DEBUG - currlabel row 1
2026-03-12 22:35:55,191 - default_logger - DEBUG - currlabel row 2
2026-03-12 22:35:55,191 - default_logger - DEBUG - currlabel row 3
2026-03-12 22:35:55,191 - default_logger - DEBUG - currlabel row 4
2026-03-12 22:35:55,191 - default_logger - DEBUG - currlabel row 5
2026-03-12 22:35:55,191 - default_logger - DEBUG - best scores row 0
2026-03-12 22:35:55,191 - default_logger - DEBUG - best scores row 1
2026-03-12 22:35:55,191 - default_logger - DEBUG - best scores row 2
2026-03-12 22:35:55,191 - default_logger - DEBUG - best scores row 3
2026-03-12 22:35:55,191 - default_logger - DEBUG - best scores row 4
2026-03-12 22:35:55,252 - default_logger - DEBUG - Update best stats variables.
2026-03-12 22:35:55,320 - default_logger - DEBUG - Update best stats variables.
2026-03-12 22:35:55,386 - default_logger - DEBUG - Update best stats variables.
2026-03-12 22:35:55,440 - default_logger - DEBUG - Update best stats variables.
2026-03-12 22:35:55,495 - default_logger - DEBUG - Update best stats variables.
2026-03-12 22:35:55,555 - default_logger - DEBUG - Update best stats variables.
2026-03-12 22:35:55,608 - default_logger - DEBUG - Update best stats variables.
2026-03-12 22:35:55,659 - default_logger - DEBUG - Update best stats variables.
2026-03-12 22:35:55,711 - default_logger - DEBUG - Update best stats variables.
2026-03-12 22:35:55,775 - default_logger - DEBUG - Update best stats variables.
2026-03-12 22:35:55,829 - default_logger - DEBUG - Update best stats variables.
2026-03-12 22:35:55,883 - default_logger - DEBUG - Update best stats variables.
2026-03-12 22:35:55,939 - default_logger - DEBUG - Update best stats variables.
2026-03-12 22:35:55,997 - default_logger - DEBUG - Update best stats variables.
2026-03-12 22:35:56,051 - default_logger - DEBUG - Update best stats variables.
2026-03-12 22:35:56,112 - default_logger - DEBUG - Update best stats variables.
2026-03-12 22:35:56,164 - default_logger - DEBUG - Update best stats variables.
2026-03-12 22:35:56,219 - default_logger - DEBUG - Update best stats variables.
2026-03-12 22:35:56,273 - default_logger - DEBUG - Update best stats variables.
2026-03-12 22:35:56,329 - default_logger - DEBUG - Update best stats variables.
2026-03-12 22:35:56,385 - default_logger - DEBUG - Update best stats variables.
2026-03-12 22:35:56,441 - default_logger - DEBUG - Update best stats variables.
2026-03-12 22:35:56,467 - default_logger - DEBUG - Command not in list.
2026-03-12 22:35:56,497 - default_logger - DEBUG - Update best stats variables.
2026-03-12 22:35:56,560 - default_logger - DEBUG - Update best stats variables.
2026-03-12 22:35:56,622 - default_logger - DEBUG - Update best stats variables.
2026-03-12 22:35:56,681 - default_logger - DEBUG - Update best stats variables.
2026-03-12 22:35:56,737 - default_logger - DEBUG - Update best stats variables.
2026-03-12 22:35:56,788 - default_logger - DEBUG - Update best stats variables.
2026-03-12 22:35:56,844 - default_logger - DEBUG - Update best stats variables.
2026-03-12 22:35:56,907 - default_logger - DEBUG - Update best stats variables.
2026-03-12 22:35:56,958 - default_logger - DEBUG - Update best stats variables.
2026-03-12 22:35:57,013 - default_logger - DEBUG - Update best stats variables.
2026-03-12 22:35:57,074 - default_logger - DEBUG - Update best stats variables.
2026-03-12 22:35:57,129 - default_logger - DEBUG - Update best stats variables.
2026-03-12 22:35:57,189 - default_logger - DEBUG - Update best stats variables.
2026-03-12 22:35:57,241 - default_logger - DEBUG - Update best stats variables.
2026-03-12 22:35:57,296 - default_logger - DEBUG - Update best stats variables.
2026-03-12 22:35:57,351 - default_logger - DEBUG - Update best stats variables.
2026-03-12 22:35:57,404 - default_logger - DEBUG - Update best stats variables.
2026-03-12 22:35:57,456 - default_logger - DEBUG - Update best stats variables.
2026-03-12 22:35:57,468 - default_logger - DEBUG - Initializing game.
2026-03-12 22:35:57,507 - default_logger - DEBUG - Update best stats variables.
2026-03-12 22:35:57,559 - default_logger - DEBUG - Update best stats variables.
2026-03-12 22:35:57,611 - default_logger - DEBUG - Update best stats variables.
2026-03-12 22:35:57,665 - default_logger - DEBUG - Update best stats variables.
2026-03-12 22:35:57,720 - default_logger - DEBUG - Update best stats variables.
2026-03-12 22:35:57,781 - default_logger - DEBUG - Update best stats variables.
2026-03-12 22:35:57,844 - default_logger - DEBUG - Update best stats variables.
2026-03-12 22:35:57,900 - default_logger - DEBUG - Update best stats variables.
2026-03-12 22:35:57,955 - default_logger - DEBUG - Update best stats variables.
2026-03-12 22:35:58,018 - default_logger - DEBUG - Update best stats variables.
2026-03-12 22:35:58,074 - default_logger - DEBUG - Update best stats variables.
2026-03-12 22:35:58,129 - default_logger - DEBUG - Update best stats variables.
2026-03-12 22:35:58,183 - default_logger - DEBUG - Update best stats variables.
2026-03-12 22:35:58,235 - default_logger - DEBUG - Update best stats variables.
2026-03-12 22:35:58,289 - default_logger - DEBUG - Update best stats variables.
2026-03-12 22:35:58,344 - default_logger - DEBUG - Update best stats variables.
2026-03-12 22:35:58,401 - default_logger - DEBUG - Update best stats variables.
2026-03-12 22:35:58,463 - default_logger - DEBUG - Update best stats variables.
2026-03-12 22:35:58,473 - default_logger - DEBUG - Started game, blue button clicked.
2026-03-12 22:35:58,517 - default_logger - DEBUG - Update current game variables.
2026-03-12 22:35:58,571 - default_logger - DEBUG - Update current game variables.
2026-03-12 22:35:58,623 - default_logger - DEBUG - Update current game variables.
2026-03-12 22:35:58,676 - default_logger - DEBUG - Update current game variables.
2026-03-12 22:35:58,727 - default_logger - DEBUG - Update current game variables.
2026-03-12 22:35:58,791 - default_logger - DEBUG - Update current game variables.
2026-03-12 22:35:58,846 - default_logger - DEBUG - Update current game variables.
2026-03-12 22:35:58,909 - default_logger - DEBUG - Update current game variables.
2026-03-12 22:35:58,971 - default_logger - DEBUG - Update current game variables.
2026-03-12 22:35:59,024 - default_logger - DEBUG - Update current game variables.
2026-03-12 22:35:59,089 - default_logger - DEBUG - Update current game variables.
2026-03-12 22:35:59,144 - default_logger - DEBUG - Update current game variables.
2026-03-12 22:35:59,199 - default_logger - DEBUG - Update current game variables.
2026-03-12 22:35:59,251 - default_logger - DEBUG - Update current game variables.
2026-03-12 22:35:59,307 - default_logger - DEBUG - Update current game variables.
2026-03-12 22:35:59,359 - default_logger - DEBUG - Update current game variables.
2026-03-12 22:35:59,411 - default_logger - DEBUG - Update current game variables.
2026-03-12 22:35:59,463 - default_logger - DEBUG - Update current game variables.
2026-03-12 22:35:59,481 - default_logger - DEBUG - Mole turn started. Mole is here.
2026-03-12 22:35:59,516 - default_logger - DEBUG - Update current game variables.
2026-03-12 22:35:59,574 - default_logger - DEBUG - Update current game variables.
2026-03-12 22:35:59,625 - default_logger - DEBUG - Update current game variables.
2026-03-12 22:35:59,685 - default_logger - DEBUG - Update current game variables.
2026-03-12 22:35:59,742 - default_logger - DEBUG - Update current game variables.
2026-03-12 22:35:59,805 - default_logger - DEBUG - Update current game variables.
2026-03-12 22:35:59,866 - default_logger - DEBUG - Update current game variables.
2026-03-12 22:35:59,931 - default_logger - DEBUG - Update current game variables.
2026-03-12 22:35:59,991 - default_logger - DEBUG - Update current game variables.
2026-03-12 22:36:00,047 - default_logger - DEBUG - Update current game variables.
2026-03-12 22:36:00,102 - default_logger - DEBUG - Update current game variables.
2026-03-12 22:36:00,153 - default_logger - DEBUG - Update current game variables.
2026-03-12 22:36:00,206 - default_logger - DEBUG - Update current game variables.
2026-03-12 22:36:00,257 - default_logger - DEBUG - Update current game variables.
2026-03-12 22:36:00,310 - default_logger - DEBUG - Update current game variables.
2026-03-12 22:36:00,375 - default_logger - DEBUG - Update current game variables.
2026-03-12 22:36:00,426 - default_logger - DEBUG - Update current game variables.
2026-03-12 22:36:00,477 - default_logger - DEBUG - Update current game variables.
2026-03-12 22:36:00,480 - default_logger - DEBUG - Player successful hit!
2026-03-12 22:36:00,532 - default_logger - DEBUG - Update current game variables.
2026-03-12 22:36:00,587 - default_logger - DEBUG - Update current game variables.
2026-03-12 22:36:00,642 - default_logger - DEBUG - Update current game variables.
2026-03-12 22:36:00,702 - default_logger - DEBUG - Update current game variables.
2026-03-12 22:36:00,754 - default_logger - DEBUG - Update current game variables.
2026-03-12 22:36:00,808 - default_logger - DEBUG - Update current game variables.
2026-03-12 22:36:00,864 - default_logger - DEBUG - Update current game variables.
2026-03-12 22:36:00,918 - default_logger - DEBUG - Update current game variables.
2026-03-12 22:36:00,969 - default_logger - DEBUG - Update current game variables.
2026-03-12 22:36:01,022 - default_logger - DEBUG - Update current game variables.
2026-03-12 22:36:01,077 - default_logger - DEBUG - Update current game variables.
2026-03-12 22:36:01,131 - default_logger - DEBUG - Update current game variables.
2026-03-12 22:36:01,186 - default_logger - DEBUG - Update current game variables.
2026-03-12 22:36:01,236 - default_logger - DEBUG - Update current game variables.
2026-03-12 22:36:01,297 - default_logger - DEBUG - Update current game variables.
2026-03-12 22:36:01,354 - default_logger - DEBUG - Update current game variables.
2026-03-12 22:36:01,409 - default_logger - DEBUG - Update current game variables.
2026-03-12 22:36:01,463 - default_logger - DEBUG - Update current game variables.
2026-03-12 22:36:01,487 - default_logger - DEBUG - Player current score: 2
2026-03-12 22:36:01,491 - default_logger - DEBUG - New best score set: 2
2026-03-12 22:36:01,494 - default_logger - DEBUG - Player failed to hit.
2026-03-12 22:36:01,520 - default_logger - DEBUG - Update current game variables.
2026-03-12 22:36:01,572 - default_logger - DEBUG - Update current game variables.
2026-03-12 22:36:01,624 - default_logger - DEBUG - Update current game variables.
2026-03-12 22:36:01,679 - default_logger - DEBUG - Update current game variables.
2026-03-12 22:36:01,743 - default_logger - DEBUG - Update current game variables.
2026-03-12 22:36:01,796 - default_logger - DEBUG - Update current game variables.
2026-03-12 22:36:01,860 - default_logger - DEBUG - Update current game variables.
2026-03-12 22:36:01,923 - default_logger - DEBUG - Update current game variables.
2026-03-12 22:36:01,980 - default_logger - DEBUG - Update current game variables.
2026-03-12 22:36:02,041 - default_logger - DEBUG - Update current game variables.
2026-03-12 22:36:02,096 - default_logger - DEBUG - Update current game variables.
2026-03-12 22:36:02,159 - default_logger - DEBUG - Update current game variables.
2026-03-12 22:36:02,214 - default_logger - DEBUG - Update current game variables.
2026-03-12 22:36:02,270 - default_logger - DEBUG - Update current game variables.
2026-03-12 22:36:02,326 - default_logger - DEBUG - Update current game variables.
2026-03-12 22:36:02,381 - default_logger - DEBUG - Update current game variables.
2026-03-12 22:36:02,432 - default_logger - DEBUG - Update current game variables.
2026-03-12 22:36:02,485 - default_logger - DEBUG - Update current game variables.
2026-03-12 22:36:02,491 - default_logger - DEBUG - New best average reaction time set: 3.0
2026-03-12 22:36:02,541 - default_logger - DEBUG - Update current game variables.
2026-03-12 22:36:02,605 - default_logger - DEBUG - Update current game variables.
2026-03-12 22:36:02,667 - default_logger - DEBUG - Update current game variables.
2026-03-12 22:36:02,731 - default_logger - DEBUG - Update current game variables.
2026-03-12 22:36:02,783 - default_logger - DEBUG - Update current game variables.
2026-03-12 22:36:02,840 - default_logger - DEBUG - Update current game variables.
2026-03-12 22:36:02,896 - default_logger - DEBUG - Update current game variables.
2026-03-12 22:36:02,949 - default_logger - DEBUG - Update current game variables.
2026-03-12 22:36:03,007 - default_logger - DEBUG - Update current game variables.
2026-03-12 22:36:03,062 - default_logger - DEBUG - Update current game variables.
2026-03-12 22:36:03,117 - default_logger - DEBUG - Update current game variables.
2026-03-12 22:36:03,173 - default_logger - DEBUG - Update current game variables.
2026-03-12 22:36:03,229 - default_logger - DEBUG - Update current game variables.
2026-03-12 22:36:03,285 - default_logger - DEBUG - Update current game variables.
2026-03-12 22:36:03,349 - default_logger - DEBUG - Update current game variables.
2026-03-12 22:36:03,410 - default_logger - DEBUG - Update current game variables.
2026-03-12 22:36:03,473 - default_logger - DEBUG - Update current game variables.
2026-03-12 22:36:03,493 - default_logger - DEBUG - Endgame triggered. Will reset game.
2026-03-12 22:36:03,532 - default_logger - DEBUG - Update best stats variables.
2026-03-12 22:36:03,583 - default_logger - DEBUG - Update best stats variables.
2026-03-12 22:36:03,639 - default_logger - DEBUG - Update best stats variables.
2026-03-12 22:36:03,693 - default_logger - DEBUG - Update best stats variables.
2026-03-12 22:36:03,750 - default_logger - DEBUG - Update best stats variables.
2026-03-12 22:36:03,814 - default_logger - DEBUG - Update best stats variables.
2026-03-12 22:36:03,869 - default_logger - DEBUG - Update best stats variables.
2026-03-12 22:36:03,924 - default_logger - DEBUG - Update best stats variables.
2026-03-12 22:36:03,979 - default_logger - DEBUG - Update best stats variables.
2026-03-12 22:36:04,043 - default_logger - DEBUG - Update best stats variables.
2026-03-12 22:36:04,097 - default_logger - DEBUG - Update best stats variables.
2026-03-12 22:36:04,152 - default_logger - DEBUG - Update best stats variables.
2026-03-12 22:36:04,210 - default_logger - DEBUG - Update best stats variables.
2026-03-12 22:36:04,264 - default_logger - DEBUG - Update best stats variables.
2026-03-12 22:36:04,325 - default_logger - DEBUG - Update best stats variables.
2026-03-12 22:36:04,391 - default_logger - DEBUG - Update best stats variables.
2026-03-12 22:36:04,442 - default_logger - DEBUG - Update best stats variables.
2026-03-12 22:36:04,494 - default_logger - DEBUG - Update best stats variables.
2026-03-12 22:36:04,497 - default_logger - DEBUG - Command not in list.
2026-03-12 22:36:04,549 - default_logger - DEBUG - Update best stats variables.
2026-03-12 22:36:04,607 - default_logger - DEBUG - Update best stats variables.
2026-03-12 22:36:04,668 - default_logger - DEBUG - Update best stats variables.
2026-03-12 22:36:04,723 - default_logger - DEBUG - Update best stats variables.
2026-03-12 22:36:04,786 - default_logger - DEBUG - Update best stats variables.
2026-03-12 22:36:04,840 - default_logger - DEBUG - Update best stats variables.
2026-03-12 22:36:04,903 - default_logger - DEBUG - Update best stats variables.
2026-03-12 22:36:04,959 - default_logger - DEBUG - Update best stats variables.
2026-03-12 22:36:05,014 - default_logger - DEBUG - Update best stats variables.
2026-03-12 22:36:05,077 - default_logger - DEBUG - Update best stats variables.
2026-03-12 22:36:05,133 - default_logger - DEBUG - Update best stats variables.
2026-03-12 22:36:05,188 - default_logger - DEBUG - Update best stats variables.
2026-03-12 22:36:05,242 - default_logger - DEBUG - Update best stats variables.
2026-03-12 22:36:05,301 - default_logger - DEBUG - Update best stats variables.
2026-03-12 22:36:05,354 - default_logger - DEBUG - Update best stats variables.
2026-03-12 22:36:05,409 - default_logger - DEBUG - Update best stats variables.
2026-03-12 22:36:05,460 - default_logger - DEBUG - Update best stats variables.
2026-03-12 22:36:05,500 - default_logger - DEBUG - Initializing game.
2026-03-12 22:36:05,513 - default_logger - DEBUG - Update best stats variables.
2026-03-12 22:36:05,569 - default_logger - DEBUG - Update best stats variables.
2026-03-12 22:36:05,627 - default_logger - DEBUG - Update best stats variables.
2026-03-12 22:36:05,680 - default_logger - DEBUG - Update best stats variables.
2026-03-12 22:36:05,738 - default_logger - DEBUG - Update best stats variables.
2026-03-12 22:36:05,792 - default_logger - DEBUG - Update best stats variables.
2026-03-12 22:36:05,849 - default_logger - DEBUG - Update best stats variables.
2026-03-12 22:36:05,903 - default_logger - DEBUG - Update best stats variables.
2026-03-12 22:36:05,966 - default_logger - DEBUG - Update best stats variables.
2026-03-12 22:36:06,021 - default_logger - DEBUG - Update best stats variables.
2026-03-12 22:36:06,077 - default_logger - DEBUG - Update best stats variables.
2026-03-12 22:36:06,140 - default_logger - DEBUG - Update best stats variables.
2026-03-12 22:36:06,206 - default_logger - DEBUG - Update best stats variables.
2026-03-12 22:36:06,265 - default_logger - DEBUG - Update best stats variables.
2026-03-12 22:36:06,317 - default_logger - DEBUG - Update best stats variables.
2026-03-12 22:36:06,371 - default_logger - DEBUG - Update best stats variables.
2026-03-12 22:36:06,425 - default_logger - DEBUG - Update best stats variables.
2026-03-12 22:36:06,476 - default_logger - DEBUG - Update best stats variables.
2026-03-12 22:36:06,502 - default_logger - DEBUG - Started game, blue button clicked.
2026-03-12 22:36:06,532 - default_logger - DEBUG - Update current game variables.
2026-03-12 22:36:06,588 - default_logger - DEBUG - Update current game variables.
2026-03-12 22:36:06,640 - default_logger - DEBUG - Update current game variables.
2026-03-12 22:36:06,690 - default_logger - DEBUG - Update current game variables.
2026-03-12 22:36:06,746 - default_logger - DEBUG - Update current game variables.
2026-03-12 22:36:06,802 - default_logger - DEBUG - Update current game variables.
2026-03-12 22:36:06,856 - default_logger - DEBUG - Update current game variables.
2026-03-12 22:36:06,921 - default_logger - DEBUG - Update current game variables.
2026-03-12 22:36:06,982 - default_logger - DEBUG - Update current game variables.
2026-03-12 22:36:07,036 - default_logger - DEBUG - Update current game variables.
2026-03-12 22:36:07,087 - default_logger - DEBUG - Update current game variables.
2026-03-12 22:36:07,140 - default_logger - DEBUG - Update current game variables.
2026-03-12 22:36:07,196 - default_logger - DEBUG - Update current game variables.
2026-03-12 22:36:07,253 - default_logger - DEBUG - Update current game variables.
2026-03-12 22:36:07,315 - default_logger - DEBUG - Update current game variables.
2026-03-12 22:36:07,370 - default_logger - DEBUG - Update current game variables.
2026-03-12 22:36:07,425 - default_logger - DEBUG - Update current game variables.
2026-03-12 22:36:07,480 - default_logger - DEBUG - Update current game variables.
2026-03-12 22:36:07,510 - default_logger - DEBUG - Mole turn started. Mole is here.
2026-03-12 22:36:07,542 - default_logger - DEBUG - Update current game variables.
2026-03-12 22:36:07,599 - default_logger - DEBUG - Update current game variables.
2026-03-12 22:36:07,655 - default_logger - DEBUG - Update current game variables.
2026-03-12 22:36:07,711 - default_logger - DEBUG - Update current game variables.
2026-03-12 22:36:07,765 - default_logger - DEBUG - Update current game variables.
2026-03-12 22:36:07,822 - default_logger - DEBUG - Update current game variables.
2026-03-12 22:36:07,887 - default_logger - DEBUG - Update current game variables.
2026-03-12 22:36:07,938 - default_logger - DEBUG - Update current game variables.
2026-03-12 22:36:07,995 - default_logger - DEBUG - Update current game variables.
2026-03-12 22:36:08,059 - default_logger - DEBUG - Update current game variables.
2026-03-12 22:36:08,120 - default_logger - DEBUG - Update current game variables.
2026-03-12 22:36:08,177 - default_logger - DEBUG - Update current game variables.
2026-03-12 22:36:08,231 - default_logger - DEBUG - Update current game variables.
2026-03-12 22:36:08,294 - default_logger - DEBUG - Update current game variables.
2026-03-12 22:36:08,358 - default_logger - DEBUG - Update current game variables.
2026-03-12 22:36:08,411 - default_logger - DEBUG - Update current game variables.
2026-03-12 22:36:08,468 - default_logger - DEBUG - Update current game variables.
2026-03-12 22:36:08,512 - default_logger - DEBUG - Player successful hit!
2026-03-12 22:36:08,529 - default_logger - DEBUG - Update current game variables.
2026-03-12 22:36:08,587 - default_logger - DEBUG - Update current game variables.
2026-03-12 22:36:08,640 - default_logger - DEBUG - Update current game variables.
2026-03-12 22:36:08,697 - default_logger - DEBUG - Update current game variables.
2026-03-12 22:36:08,753 - default_logger - DEBUG - Update current game variables.
2026-03-12 22:36:08,814 - default_logger - DEBUG - Update current game variables.
2026-03-12 22:36:08,871 - default_logger - DEBUG - Update current game variables.
2026-03-12 22:36:08,925 - default_logger - DEBUG - Update current game variables.
2026-03-12 22:36:08,990 - default_logger - DEBUG - Update current game variables.
2026-03-12 22:36:09,042 - default_logger - DEBUG - Update current game variables.
2026-03-12 22:36:09,100 - default_logger - DEBUG - Update current game variables.
2026-03-12 22:36:09,162 - default_logger - DEBUG - Update current game variables.
2026-03-12 22:36:09,217 - default_logger - DEBUG - Update current game variables.
2026-03-12 22:36:09,273 - default_logger - DEBUG - Update current game variables.
2026-03-12 22:36:09,329 - default_logger - DEBUG - Update current game variables.
2026-03-12 22:36:09,391 - default_logger - DEBUG - Update current game variables.
2026-03-12 22:36:09,447 - default_logger - DEBUG - Update current game variables.
2026-03-12 22:36:09,498 - default_logger - DEBUG - Update current game variables.
2026-03-12 22:36:09,518 - default_logger - DEBUG - Player current score: 2
2026-03-12 22:36:09,526 - default_logger - DEBUG - Player failed to hit.
2026-03-12 22:36:09,554 - default_logger - DEBUG - Update current game variables.
2026-03-12 22:36:09,616 - default_logger - DEBUG - Update current game variables.
2026-03-12 22:36:09,669 - default_logger - DEBUG - Update current game variables.
2026-03-12 22:36:09,725 - default_logger - DEBUG - Update current game variables.
2026-03-12 22:36:09,775 - default_logger - DEBUG - Update current game variables.
2026-03-12 22:36:09,837 - default_logger - DEBUG - Update current game variables.
2026-03-12 22:36:09,891 - default_logger - DEBUG - Update current game variables.
2026-03-12 22:36:09,948 - default_logger - DEBUG - Update current game variables.
2026-03-12 22:36:10,004 - default_logger - DEBUG - Update current game variables.
2026-03-12 22:36:10,059 - default_logger - DEBUG - Update current game variables.
2026-03-12 22:36:10,122 - default_logger - DEBUG - Update current game variables.
2026-03-12 22:36:10,177 - default_logger - DEBUG - Update current game variables.
2026-03-12 22:36:10,233 - default_logger - DEBUG - Update current game variables.
2026-03-12 22:36:10,291 - default_logger - DEBUG - Update current game variables.
2026-03-12 22:36:10,343 - default_logger - DEBUG - Update current game variables.
2026-03-12 22:36:10,400 - default_logger - DEBUG - Update current game variables.
2026-03-12 22:36:10,455 - default_logger - DEBUG - Update current game variables.
2026-03-12 22:36:10,512 - default_logger - DEBUG - Update current game variables.
2026-03-12 22:36:10,565 - default_logger - DEBUG - Update current game variables.
2026-03-12 22:36:10,620 - default_logger - DEBUG - Update current game variables.
2026-03-12 22:36:10,677 - default_logger - DEBUG - Update current game variables.
2026-03-12 22:36:10,734 - default_logger - DEBUG - Update current game variables.
2026-03-12 22:36:10,788 - default_logger - DEBUG - Update current game variables.
2026-03-12 22:36:10,853 - default_logger - DEBUG - Update current game variables.
2026-03-12 22:36:10,906 - default_logger - DEBUG - Update current game variables.
2026-03-12 22:36:10,961 - default_logger - DEBUG - Update current game variables.
2026-03-12 22:36:11,025 - default_logger - DEBUG - Update current game variables.
2026-03-12 22:36:11,077 - default_logger - DEBUG - Update current game variables.
2026-03-12 22:36:11,132 - default_logger - DEBUG - Update current game variables.
2026-03-12 22:36:11,185 - default_logger - DEBUG - Update current game variables.
2026-03-12 22:36:11,248 - default_logger - DEBUG - Update current game variables.
2026-03-12 22:36:11,301 - default_logger - DEBUG - Update current game variables.
2026-03-12 22:36:11,358 - default_logger - DEBUG - Update current game variables.
2026-03-12 22:36:11,413 - default_logger - DEBUG - Update current game variables.
2026-03-12 22:36:11,476 - default_logger - DEBUG - Update current game variables.
2026-03-12 22:36:11,523 - default_logger - DEBUG - Endgame triggered. Will reset game.
2026-03-12 22:36:11,538 - default_logger - DEBUG - Update best stats variables.
2026-03-12 22:36:11,593 - default_logger - DEBUG - Update best stats variables.
2026-03-12 22:36:11,649 - default_logger - DEBUG - Update best stats variables.
2026-03-12 22:36:11,701 - default_logger - DEBUG - Update best stats variables.
2026-03-12 22:36:11,757 - default_logger - DEBUG - Update best stats variables.
2026-03-12 22:36:11,808 - default_logger - DEBUG - Update best stats variables.
2026-03-12 22:36:11,866 - default_logger - DEBUG - Update best stats variables.
2026-03-12 22:36:11,929 - default_logger - DEBUG - Update best stats variables.
2026-03-12 22:36:11,982 - default_logger - DEBUG - Update best stats variables.
2026-03-12 22:36:12,039 - default_logger - DEBUG - Update best stats variables.
2026-03-12 22:36:12,102 - default_logger - DEBUG - Update best stats variables.
2026-03-12 22:36:12,157 - default_logger - DEBUG - Update best stats variables.
2026-03-12 22:36:12,223 - default_logger - DEBUG - Update best stats variables.
2026-03-12 22:36:12,282 - default_logger - DEBUG - Update best stats variables.
2026-03-12 22:36:12,337 - default_logger - DEBUG - Update best stats variables.
2026-03-12 22:36:12,393 - default_logger - DEBUG - Update best stats variables.
2026-03-12 22:36:12,449 - default_logger - DEBUG - Update best stats variables.
2026-03-12 22:36:12,509 - default_logger - DEBUG - Update best stats variables.
2026-03-12 22:36:12,527 - default_logger - DEBUG - Command not in list.
2026-03-12 22:36:12,565 - default_logger - DEBUG - Update best stats variables.
2026-03-12 22:36:12,621 - default_logger - DEBUG - Update best stats variables.
2026-03-12 22:36:12,673 - default_logger - DEBUG - Update best stats variables.
2026-03-12 22:36:12,733 - default_logger - DEBUG - Update best stats variables.
2026-03-12 22:36:12,789 - default_logger - DEBUG - Update best stats variables.
2026-03-12 22:36:12,845 - default_logger - DEBUG - Update best stats variables.
2026-03-12 22:36:12,910 - default_logger - DEBUG - Update best stats variables.
2026-03-12 22:36:12,963 - default_logger - DEBUG - Update best stats variables.
2026-03-12 22:36:13,017 - default_logger - DEBUG - Update best stats variables.
2026-03-12 22:36:13,073 - default_logger - DEBUG - Update best stats variables.
2026-03-12 22:36:13,131 - default_logger - DEBUG - Update best stats variables.
2026-03-12 22:36:13,194 - default_logger - DEBUG - Update best stats variables.
2026-03-12 22:36:13,245 - default_logger - DEBUG - Update best stats variables.
2026-03-12 22:36:13,303 - default_logger - DEBUG - Update best stats variables.
2026-03-12 22:36:13,353 - default_logger - DEBUG - Update best stats variables.
2026-03-12 22:36:13,407 - default_logger - DEBUG - Update best stats variables.
2026-03-12 22:36:13,459 - default_logger - DEBUG - Update best stats variables.
2026-03-12 22:36:13,521 - default_logger - DEBUG - Update best stats variables.
2026-03-12 22:36:13,529 - default_logger - DEBUG - Initializing game.
2026-03-12 22:36:13,577 - default_logger - DEBUG - Update best stats variables.
2026-03-12 22:36:13,630 - default_logger - DEBUG - Update best stats variables.
2026-03-12 22:36:13,693 - default_logger - DEBUG - Update best stats variables.
2026-03-12 22:36:13,746 - default_logger - DEBUG - Update best stats variables.
2026-03-12 22:36:13,802 - default_logger - DEBUG - Update best stats variables.
2026-03-12 22:36:13,867 - default_logger - DEBUG - Update best stats variables.
2026-03-12 22:36:13,929 - default_logger - DEBUG - Update best stats variables.
2026-03-12 22:36:13,994 - default_logger - DEBUG - Update best stats variables.
2026-03-12 22:36:14,046 - default_logger - DEBUG - Update best stats variables.
2026-03-12 22:36:14,111 - default_logger - DEBUG - Update best stats variables.
2026-03-12 22:36:14,163 - default_logger - DEBUG - Update best stats variables.
2026-03-12 22:36:14,215 - default_logger - DEBUG - Update best stats variables.
2026-03-12 22:36:14,269 - default_logger - DEBUG - Update best stats variables.
2026-03-12 22:36:14,321 - default_logger - DEBUG - Update best stats variables.
2026-03-12 22:36:14,380 - default_logger - DEBUG - Update best stats variables.
2026-03-12 22:36:14,437 - default_logger - DEBUG - Update best stats variables.
2026-03-12 22:36:14,490 - default_logger - DEBUG - Update best stats variables.
2026-03-12 22:36:14,535 - default_logger - DEBUG - Started game, blue button clicked.
2026-03-12 22:36:14,549 - default_logger - DEBUG - Update current game variables.
2026-03-12 22:36:14,617 - default_logger - DEBUG - Update current game variables.
2026-03-12 22:36:14,670 - default_logger - DEBUG - Update current game variables.
2026-03-12 22:36:14,729 - default_logger - DEBUG - Update current game variables.
2026-03-12 22:36:14,793 - default_logger - DEBUG - Update current game variables.
2026-03-12 22:36:14,845 - default_logger - DEBUG - Update current game variables.
2026-03-12 22:36:14,910 - default_logger - DEBUG - Update current game variables.
2026-03-12 22:36:14,971 - default_logger - DEBUG - Update current game variables.
2026-03-12 22:36:15,034 - default_logger - DEBUG - Update current game variables.
2026-03-12 22:36:15,098 - default_logger - DEBUG - Update current game variables.
2026-03-12 22:36:15,158 - default_logger - DEBUG - Update current game variables.
2026-03-12 22:36:15,212 - default_logger - DEBUG - Update current game variables.
2026-03-12 22:36:15,271 - default_logger - DEBUG - Update current game variables.
2026-03-12 22:36:15,325 - default_logger - DEBUG - Update current game variables.
2026-03-12 22:36:15,381 - default_logger - DEBUG - Update current game variables.
2026-03-12 22:36:15,437 - default_logger - DEBUG - Update current game variables.
2026-03-12 22:36:15,493 - default_logger - DEBUG - Update current game variables.
2026-03-12 22:36:15,541 - default_logger - DEBUG - Mole turn started. Mole is here.
2026-03-12 22:36:15,547 - default_logger - DEBUG - Update current game variables.
2026-03-12 22:36:15,601 - default_logger - DEBUG - Update current game variables.
2026-03-12 22:36:15,660 - default_logger - DEBUG - Update current game variables.
2026-03-12 22:36:15,714 - default_logger - DEBUG - Update current game variables.
2026-03-12 22:36:15,771 - default_logger - DEBUG - Update current game variables.
2026-03-12 22:36:15,824 - default_logger - DEBUG - Update current game variables.
2026-03-12 22:36:15,882 - default_logger - DEBUG - Update current game variables.
2026-03-12 22:36:15,945 - default_logger - DEBUG - Update current game variables.
2026-03-12 22:36:16,000 - default_logger - DEBUG - Update current game variables.
2026-03-12 22:36:16,062 - default_logger - DEBUG - Update current game variables.
2026-03-12 22:36:16,127 - default_logger - DEBUG - Update current game variables.
2026-03-12 22:36:16,186 - default_logger - DEBUG - Update current game variables.
2026-03-12 22:36:16,242 - default_logger - DEBUG - Update current game variables.
2026-03-12 22:36:16,307 - default_logger - DEBUG - Update current game variables.
2026-03-12 22:36:16,367 - default_logger - DEBUG - Update current game variables.
2026-03-12 22:36:16,418 - default_logger - DEBUG - Update current game variables.
2026-03-12 22:36:16,479 - default_logger - DEBUG - Update current game variables.
2026-03-12 22:36:16,543 - default_logger - DEBUG - Update current game variables.
2026-03-12 22:36:16,543 - default_logger - DEBUG - Player successful hit!
2026-03-12 22:36:16,596 - default_logger - DEBUG - Update current game variables.
2026-03-12 22:36:16,650 - default_logger - DEBUG - Update current game variables.
2026-03-12 22:36:16,702 - default_logger - DEBUG - Update current game variables.
2026-03-12 22:36:16,755 - default_logger - DEBUG - Update current game variables.
2026-03-12 22:36:16,811 - default_logger - DEBUG - Update current game variables.
2026-03-12 22:36:16,863 - default_logger - DEBUG - Update current game variables.
2026-03-12 22:36:16,917 - default_logger - DEBUG - Update current game variables.
2026-03-12 22:36:16,971 - default_logger - DEBUG - Update current game variables.
2026-03-12 22:36:17,022 - default_logger - DEBUG - Update current game variables.
2026-03-12 22:36:17,076 - default_logger - DEBUG - Update current game variables.
2026-03-12 22:36:17,132 - default_logger - DEBUG - Update current game variables.
2026-03-12 22:36:17,187 - default_logger - DEBUG - Update current game variables.
2026-03-12 22:36:17,250 - default_logger - DEBUG - Update current game variables.
2026-03-12 22:36:17,314 - default_logger - DEBUG - Update current game variables.
2026-03-12 22:36:17,368 - default_logger - DEBUG - Update current game variables.
2026-03-12 22:36:17,422 - default_logger - DEBUG - Update current game variables.
2026-03-12 22:36:17,486 - default_logger - DEBUG - Update current game variables.
2026-03-12 22:36:17,541 - default_logger - DEBUG - Update current game variables.
2026-03-12 22:36:17,547 - default_logger - DEBUG - Player current score: 2
2026-03-12 22:36:17,557 - default_logger - DEBUG - Player failed to hit.
2026-03-12 22:36:17,594 - default_logger - DEBUG - Update current game variables.
2026-03-12 22:36:17,645 - default_logger - DEBUG - Update current game variables.
2026-03-12 22:36:17,709 - default_logger - DEBUG - Update current game variables.
2026-03-12 22:36:17,767 - default_logger - DEBUG - Update current game variables.
2026-03-12 22:36:17,819 - default_logger - DEBUG - Update current game variables.
2026-03-12 22:36:17,881 - default_logger - DEBUG - Update current game variables.
2026-03-12 22:36:17,937 - default_logger - DEBUG - Update current game variables.
2026-03-12 22:36:17,988 - default_logger - DEBUG - Update current game variables.
2026-03-12 22:36:18,051 - default_logger - DEBUG - Update current game variables.
2026-03-12 22:36:18,107 - default_logger - DEBUG - Update current game variables.
2026-03-12 22:36:18,160 - default_logger - DEBUG - Update current game variables.
2026-03-12 22:36:18,222 - default_logger - DEBUG - Update current game variables.
2026-03-12 22:36:18,277 - default_logger - DEBUG - Update current game variables.
2026-03-12 22:36:18,335 - default_logger - DEBUG - Update current game variables.
2026-03-12 22:36:18,389 - default_logger - DEBUG - Update current game variables.
2026-03-12 22:36:18,453 - default_logger - DEBUG - Update current game variables.
2026-03-12 22:36:18,507 - default_logger - DEBUG - Update current game variables.
2026-03-12 22:36:18,563 - default_logger - DEBUG - Update current game variables.
2026-03-12 22:36:18,617 - default_logger - DEBUG - Update current game variables.
2026-03-12 22:36:18,674 - default_logger - DEBUG - Update current game variables.
2026-03-12 22:36:18,737 - default_logger - DEBUG - Update current game variables.
2026-03-12 22:36:18,798 - default_logger - DEBUG - Update current game variables.
2026-03-12 22:36:18,854 - default_logger - DEBUG - Update current game variables.
2026-03-12 22:36:18,911 - default_logger - DEBUG - Update current game variables.
2026-03-12 22:36:18,966 - default_logger - DEBUG - Update current game variables.
2026-03-12 22:36:19,020 - default_logger - DEBUG - Update current game variables.
2026-03-12 22:36:19,077 - default_logger - DEBUG - Update current game variables.
2026-03-12 22:36:19,132 - default_logger - DEBUG - Update current game variables.
2026-03-12 22:36:19,187 - default_logger - DEBUG - Update current game variables.
2026-03-12 22:36:19,243 - default_logger - DEBUG - Update current game variables.
2026-03-12 22:36:19,298 - default_logger - DEBUG - Update current game variables.
2026-03-12 22:36:19,362 - default_logger - DEBUG - Update current game variables.
2026-03-12 22:36:19,417 - default_logger - DEBUG - Update current game variables.
2026-03-12 22:36:19,474 - default_logger - DEBUG - Update current game variables.
2026-03-12 22:36:19,529 - default_logger - DEBUG - Update current game variables.
2026-03-12 22:36:19,554 - default_logger - DEBUG - Endgame triggered. Will reset game.
2026-03-12 22:36:19,587 - default_logger - DEBUG - Update best stats variables.
2026-03-12 22:36:19,641 - default_logger - DEBUG - Update best stats variables.
2026-03-12 22:36:19,695 - default_logger - DEBUG - Update best stats variables.
2026-03-12 22:36:19,753 - default_logger - DEBUG - Update best stats variables.
2026-03-12 22:36:19,813 - default_logger - DEBUG - Update best stats variables.
2026-03-12 22:36:19,876 - default_logger - DEBUG - Update best stats variables.
2026-03-12 22:36:19,939 - default_logger - DEBUG - Update best stats variables.
2026-03-12 22:36:19,995 - default_logger - DEBUG - Update best stats variables.
2026-03-12 22:36:20,048 - default_logger - DEBUG - Update best stats variables.
2026-03-12 22:36:20,105 - default_logger - DEBUG - Update best stats variables.
2026-03-12 22:36:20,169 - default_logger - DEBUG - Update best stats variables.
2026-03-12 22:36:20,224 - default_logger - DEBUG - Update best stats variables.
2026-03-12 22:36:20,287 - default_logger - DEBUG - Update best stats variables.
2026-03-12 22:36:20,350 - default_logger - DEBUG - Update best stats variables.
2026-03-12 22:36:20,403 - default_logger - DEBUG - Update best stats variables.
2026-03-12 22:36:20,467 - default_logger - DEBUG - Update best stats variables.
2026-03-12 22:36:20,521 - default_logger - DEBUG - Update best stats variables.
2026-03-12 22:36:20,559 - default_logger - DEBUG - Command not in list.
2026-03-12 22:36:20,577 - default_logger - DEBUG - Update best stats variables.
2026-03-12 22:36:20,633 - default_logger - DEBUG - Update best stats variables.
2026-03-12 22:36:20,695 - default_logger - DEBUG - Update best stats variables.
2026-03-12 22:36:20,746 - default_logger - DEBUG - Update best stats variables.
2026-03-12 22:36:20,807 - default_logger - DEBUG - Update best stats variables.
2026-03-12 22:36:20,861 - default_logger - DEBUG - Update best stats variables.
2026-03-12 22:36:20,926 - default_logger - DEBUG - Update best stats variables.
2026-03-12 22:36:20,976 - default_logger - DEBUG - Update best stats variables.
2026-03-12 22:36:21,033 - default_logger - DEBUG - Update best stats variables.
2026-03-12 22:36:21,089 - default_logger - DEBUG - Update best stats variables.
2026-03-12 22:36:21,143 - default_logger - DEBUG - Update best stats variables.
2026-03-12 22:36:21,197 - default_logger - DEBUG - Update best stats variables.
2026-03-12 22:36:21,256 - default_logger - DEBUG - Update best stats variables.
2026-03-12 22:36:21,308 - default_logger - DEBUG - Update best stats variables.
2026-03-12 22:36:21,367 - default_logger - DEBUG - Update best stats variables.
2026-03-12 22:36:21,419 - default_logger - DEBUG - Update best stats variables.
2026-03-12 22:36:21,484 - default_logger - DEBUG - Update best stats variables.
2026-03-12 22:36:21,542 - default_logger - DEBUG - Update best stats variables.
2026-03-12 22:36:21,563 - default_logger - DEBUG - Initializing game.
2026-03-12 22:36:21,593 - default_logger - DEBUG - Update best stats variables.
2026-03-12 22:36:21,649 - default_logger - DEBUG - Update best stats variables.
2026-03-12 22:36:21,706 - default_logger - DEBUG - Update best stats variables.
2026-03-12 22:36:21,767 - default_logger - DEBUG - Update best stats variables.
2026-03-12 22:36:21,824 - default_logger - DEBUG - Update best stats variables.
2026-03-12 22:36:21,878 - default_logger - DEBUG - Update best stats variables.
2026-03-12 22:36:21,937 - default_logger - DEBUG - Update best stats variables.
2026-03-12 22:36:21,989 - default_logger - DEBUG - Update best stats variables.
2026-03-12 22:36:22,047 - default_logger - DEBUG - Update best stats variables.
2026-03-12 22:36:22,101 - default_logger - DEBUG - Update best stats variables.
2026-03-12 22:36:22,159 - default_logger - DEBUG - Update best stats variables.
2026-03-12 22:36:22,210 - default_logger - DEBUG - Update best stats variables.
2026-03-12 22:36:22,269 - default_logger - DEBUG - Update best stats variables.
2026-03-12 22:36:22,328 - default_logger - DEBUG - Update best stats variables.
2026-03-12 22:36:22,384 - default_logger - DEBUG - Update best stats variables.
2026-03-12 22:36:22,443 - default_logger - DEBUG - Update best stats variables.
2026-03-12 22:36:22,502 - default_logger - DEBUG - Update best stats variables.
2026-03-12 22:36:22,557 - default_logger - DEBUG - Update best stats variables.
2026-03-12 22:36:22,567 - default_logger - DEBUG - Started game, blue button clicked.
2026-03-12 22:36:22,620 - default_logger - DEBUG - Update current game variables.
2026-03-12 22:36:22,677 - default_logger - DEBUG - Update current game variables.
2026-03-12 22:36:22,730 - default_logger - DEBUG - Update current game variables.
2026-03-12 22:36:22,789 - default_logger - DEBUG - Update current game variables.
2026-03-12 22:36:22,842 - default_logger - DEBUG - Update current game variables.
2026-03-12 22:36:22,905 - default_logger - DEBUG - Update current game variables.
2026-03-12 22:36:22,969 - default_logger - DEBUG - Update current game variables.
2026-03-12 22:36:23,030 - default_logger - DEBUG - Update current game variables.
2026-03-12 22:36:23,080 - default_logger - DEBUG - Update current game variables.
2026-03-12 22:36:23,143 - default_logger - DEBUG - Update current game variables.
2026-03-12 22:36:23,197 - default_logger - DEBUG - Update current game variables.
2026-03-12 22:36:23,255 - default_logger - DEBUG - Update current game variables.
2026-03-12 22:36:23,307 - default_logger - DEBUG - Update current game variables.
2026-03-12 22:36:23,371 - default_logger - DEBUG - Update current game variables.
2026-03-12 22:36:23,433 - default_logger - DEBUG - Update current game variables.
2026-03-12 22:36:23,497 - default_logger - DEBUG - Update current game variables.
2026-03-12 22:36:23,549 - default_logger - DEBUG - Update current game variables.
2026-03-12 22:36:23,571 - default_logger - DEBUG - Mole turn started. Mole is here.
2026-03-12 22:36:23,604 - default_logger - DEBUG - Update current game variables.
2026-03-12 22:36:23,656 - default_logger - DEBUG - Update current game variables.
2026-03-12 22:36:23,715 - default_logger - DEBUG - Update current game variables.
2026-03-12 22:36:23,767 - default_logger - DEBUG - Update current game variables.
2026-03-12 22:36:23,824 - default_logger - DEBUG - Update current game variables.
2026-03-12 22:36:23,877 - default_logger - DEBUG - Update current game variables.
2026-03-12 22:36:23,928 - default_logger - DEBUG - Update current game variables.
2026-03-12 22:36:23,982 - default_logger - DEBUG - Update current game variables.
2026-03-12 22:36:24,038 - default_logger - DEBUG - Update current game variables.
2026-03-12 22:36:24,097 - default_logger - DEBUG - Update current game variables.
2026-03-12 22:36:24,150 - default_logger - DEBUG - Update current game variables.
2026-03-12 22:36:24,211 - default_logger - DEBUG - Update current game variables.
2026-03-12 22:36:24,273 - default_logger - DEBUG - Update current game variables.
2026-03-12 22:36:24,337 - default_logger - DEBUG - Update current game variables.
2026-03-12 22:36:24,391 - default_logger - DEBUG - Update current game variables.
2026-03-12 22:36:24,443 - default_logger - DEBUG - Update current game variables.
2026-03-12 22:36:24,503 - default_logger - DEBUG - Update current game variables.
2026-03-12 22:36:24,567 - default_logger - DEBUG - Update current game variables.
2026-03-12 22:36:24,573 - default_logger - DEBUG - Player successful hit!
2026-03-12 22:36:24,619 - default_logger - DEBUG - Update current game variables.
2026-03-12 22:36:24,679 - default_logger - DEBUG - Update current game variables.
2026-03-12 22:36:24,733 - default_logger - DEBUG - Update current game variables.
2026-03-12 22:36:24,855 - default_logger - DEBUG - Update current game variables.
2026-03-12 22:36:24,914 - default_logger - DEBUG - Update current game variables.
2026-03-12 22:36:24,969 - default_logger - DEBUG - Update current game variables.
2026-03-12 22:36:25,024 - default_logger - DEBUG - Update current game variables.
2026-03-12 22:36:25,081 - default_logger - DEBUG - Update current game variables.
2026-03-12 22:36:25,134 - default_logger - DEBUG - Update current game variables.
2026-03-12 22:36:25,188 - default_logger - DEBUG - Update current game variables.
2026-03-12 22:36:25,240 - default_logger - DEBUG - Update current game variables.
2026-03-12 22:36:25,292 - default_logger - DEBUG - Update current game variables.
2026-03-12 22:36:25,347 - default_logger - DEBUG - Update current game variables.
2026-03-12 22:36:25,403 - default_logger - DEBUG - Update current game variables.
2026-03-12 22:36:25,457 - default_logger - DEBUG - Update current game variables.
2026-03-12 22:36:25,516 - default_logger - DEBUG - Update current game variables.
2026-03-12 22:36:25,567 - default_logger - DEBUG - Update current game variables.
2026-03-12 22:36:25,581 - default_logger - DEBUG - Player current score: 2
2026-03-12 22:36:25,587 - default_logger - DEBUG - Player failed to hit.
2026-03-12 22:36:25,623 - default_logger - DEBUG - Update current game variables.
2026-03-12 22:36:25,679 - default_logger - DEBUG - Update current game variables.
2026-03-12 22:36:25,735 - default_logger - DEBUG - Update current game variables.
2026-03-12 22:36:25,791 - default_logger - DEBUG - Update current game variables.
2026-03-12 22:36:25,846 - default_logger - DEBUG - Update current game variables.
2026-03-12 22:36:25,896 - default_logger - DEBUG - Update current game variables.
2026-03-12 22:36:25,956 - default_logger - DEBUG - Update current game variables.
2026-03-12 22:36:26,007 - default_logger - DEBUG - Update current game variables.
2026-03-12 22:36:26,060 - default_logger - DEBUG - Update current game variables.
2026-03-12 22:36:26,115 - default_logger - DEBUG - Update current game variables.
2026-03-12 22:36:26,169 - default_logger - DEBUG - Update current game variables.
2026-03-12 22:36:26,229 - default_logger - DEBUG - Update current game variables.
2026-03-12 22:36:26,281 - default_logger - DEBUG - Update current game variables.
2026-03-12 22:36:26,337 - default_logger - DEBUG - Update current game variables.
2026-03-12 22:36:26,392 - default_logger - DEBUG - Update current game variables.
2026-03-12 22:36:26,447 - default_logger - DEBUG - Update current game variables.
2026-03-12 22:36:26,504 - default_logger - DEBUG - Update current game variables.
2026-03-12 22:36:26,559 - default_logger - DEBUG - Update current game variables.
2026-03-12 22:36:26,615 - default_logger - DEBUG - Update current game variables.
2026-03-12 22:36:26,670 - default_logger - DEBUG - Update current game variables.
2026-03-12 22:36:26,732 - default_logger - DEBUG - Update current game variables.
2026-03-12 22:36:26,787 - default_logger - DEBUG - Update current game variables.
2026-03-12 22:36:26,844 - default_logger - DEBUG - Update current game variables.
2026-03-12 22:36:26,898 - default_logger - DEBUG - Update current game variables.
2026-03-12 22:36:26,956 - default_logger - DEBUG - Update current game variables.
2026-03-12 22:36:27,019 - default_logger - DEBUG - Update current game variables.
2026-03-12 22:36:27,075 - default_logger - DEBUG - Update current game variables.
2026-03-12 22:36:27,129 - default_logger - DEBUG - Update current game variables.
2026-03-12 22:36:27,186 - default_logger - DEBUG - Update current game variables.
2026-03-12 22:36:27,242 - default_logger - DEBUG - Update current game variables.
2026-03-12 22:36:27,294 - default_logger - DEBUG - Update current game variables.
2026-03-12 22:36:27,350 - default_logger - DEBUG - Update current game variables.
2026-03-12 22:36:27,409 - default_logger - DEBUG - Update current game variables.
2026-03-12 22:36:27,469 - default_logger - DEBUG - Update current game variables.
2026-03-12 22:36:27,532 - default_logger - DEBUG - Update current game variables.
2026-03-12 22:36:27,585 - default_logger - DEBUG - Endgame triggered. Will reset game.
2026-03-12 22:36:27,596 - default_logger - DEBUG - Update best stats variables.
2026-03-12 22:36:27,657 - default_logger - DEBUG - Update best stats variables.
2026-03-12 22:36:27,720 - default_logger - DEBUG - Update best stats variables.
2026-03-12 22:36:27,775 - default_logger - DEBUG - Update best stats variables.
2026-03-12 22:36:27,837 - default_logger - DEBUG - Update best stats variables.
2026-03-12 22:36:27,896 - default_logger - DEBUG - Update best stats variables.
2026-03-12 22:36:27,963 - default_logger - DEBUG - Update best stats variables.
2026-03-12 22:36:28,027 - default_logger - DEBUG - Update best stats variables.
2026-03-12 22:36:28,081 - default_logger - DEBUG - Update best stats variables.
2026-03-12 22:36:28,137 - default_logger - DEBUG - Update best stats variables.
2026-03-12 22:36:28,193 - default_logger - DEBUG - Update best stats variables.
2026-03-12 22:36:28,251 - default_logger - DEBUG - Update best stats variables.
2026-03-12 22:36:28,303 - default_logger - DEBUG - Update best stats variables.
2026-03-12 22:36:28,354 - default_logger - DEBUG - Update best stats variables.
2026-03-12 22:36:28,408 - default_logger - DEBUG - Update best stats variables.
2026-03-12 22:36:28,464 - default_logger - DEBUG - Update best stats variables.
2026-03-12 22:36:28,519 - default_logger - DEBUG - Update best stats variables.
2026-03-12 22:36:28,574 - default_logger - DEBUG - Update best stats variables.
2026-03-12 22:36:28,591 - default_logger - DEBUG - Command not in list.
2026-03-12 22:36:28,630 - default_logger - DEBUG - Update best stats variables.
2026-03-12 22:36:28,686 - default_logger - DEBUG - Update best stats variables.
2026-03-12 22:36:28,741 - default_logger - DEBUG - Update best stats variables.
2026-03-12 22:36:28,805 - default_logger - DEBUG - Update best stats variables.
2026-03-12 22:36:28,867 - default_logger - DEBUG - Update best stats variables.
2026-03-12 22:36:28,922 - default_logger - DEBUG - Update best stats variables.
2026-03-12 22:36:28,984 - default_logger - DEBUG - Update best stats variables.
2026-03-12 22:36:29,041 - default_logger - DEBUG - Update best stats variables.
2026-03-12 22:36:29,103 - default_logger - DEBUG - Update best stats variables.
2026-03-12 22:36:29,157 - default_logger - DEBUG - Update best stats variables.
2026-03-12 22:36:29,208 - default_logger - DEBUG - Update best stats variables.
2026-03-12 22:36:29,263 - default_logger - DEBUG - Update best stats variables.
2026-03-12 22:36:29,318 - default_logger - DEBUG - Update best stats variables.
2026-03-12 22:36:29,373 - default_logger - DEBUG - Update best stats variables.
2026-03-12 22:36:29,427 - default_logger - DEBUG - Update best stats variables.
2026-03-12 22:36:29,484 - default_logger - DEBUG - Update best stats variables.
2026-03-12 22:36:29,535 - default_logger - DEBUG - Update best stats variables.
2026-03-12 22:36:29,588 - default_logger - DEBUG - Update best stats variables.
2026-03-12 22:36:29,591 - default_logger - DEBUG - Initializing game.
2026-03-12 22:36:29,644 - default_logger - DEBUG - Update best stats variables.
2026-03-12 22:36:29,694 - default_logger - DEBUG - Update best stats variables.
2026-03-12 22:36:29,749 - default_logger - DEBUG - Update best stats variables.
2026-03-12 22:36:29,806 - default_logger - DEBUG - Update best stats variables.
2026-03-12 22:36:29,861 - default_logger - DEBUG - Update best stats variables.
2026-03-12 22:36:29,917 - default_logger - DEBUG - Update best stats variables.
2026-03-12 22:36:29,979 - default_logger - DEBUG - Update best stats variables.
2026-03-12 22:36:30,041 - default_logger - DEBUG - Update best stats variables.
2026-03-12 22:36:30,095 - default_logger - DEBUG - Update best stats variables.
2026-03-12 22:36:30,151 - default_logger - DEBUG - Update best stats variables.
2026-03-12 22:36:30,215 - default_logger - DEBUG - Update best stats variables.
2026-03-12 22:36:30,278 - default_logger - DEBUG - Update best stats variables.
2026-03-12 22:36:30,341 - default_logger - DEBUG - Update best stats variables.
2026-03-12 22:36:30,395 - default_logger - DEBUG - Update best stats variables.
2026-03-12 22:36:30,451 - default_logger - DEBUG - Update best stats variables.
2026-03-12 22:36:30,514 - default_logger - DEBUG - Update best stats variables.
2026-03-12 22:36:30,574 - default_logger - DEBUG - Update best stats variables.
2026-03-12 22:36:30,597 - default_logger - DEBUG - Started game, blue button clicked.
2026-03-12 22:36:30,629 - default_logger - DEBUG - Update current game variables.
2026-03-12 22:36:30,686 - default_logger - DEBUG - Update current game variables.
2026-03-12 22:36:30,743 - default_logger - DEBUG - Update current game variables.
2026-03-12 22:36:30,797 - default_logger - DEBUG - Update current game variables.
2026-03-12 22:36:30,854 - default_logger - DEBUG - Update current game variables.
2026-03-12 22:36:30,918 - default_logger - DEBUG - Update current game variables.
2026-03-12 22:36:30,980 - default_logger - DEBUG - Update current game variables.
2026-03-12 22:36:31,033 - default_logger - DEBUG - Update current game variables.
2026-03-12 22:36:31,096 - default_logger - DEBUG - Update current game variables.
2026-03-12 22:36:31,161 - default_logger - DEBUG - Update current game variables.
2026-03-12 22:36:31,213 - default_logger - DEBUG - Update current game variables.
2026-03-12 22:36:31,277 - default_logger - DEBUG - Update current game variables.
2026-03-12 22:36:31,331 - default_logger - DEBUG - Update current game variables.
2026-03-12 22:36:31,388 - default_logger - DEBUG - Update current game variables.
2026-03-12 22:36:31,443 - default_logger - DEBUG - Update current game variables.
2026-03-12 22:36:31,497 - default_logger - DEBUG - Update current game variables.
2026-03-12 22:36:31,550 - default_logger - DEBUG - Update current game variables.
2026-03-12 22:36:31,599 - default_logger - DEBUG - Update current game variables.
2026-03-12 22:36:31,599 - default_logger - DEBUG - Mole turn started. Mole is here.
2026-03-12 22:36:31,656 - default_logger - DEBUG - Update current game variables.
2026-03-12 22:36:31,707 - default_logger - DEBUG - Update current game variables.
2026-03-12 22:36:31,760 - default_logger - DEBUG - Update current game variables.
2026-03-12 22:36:31,811 - default_logger - DEBUG - Update current game variables.
2026-03-12 22:36:31,862 - default_logger - DEBUG - Update current game variables.
2026-03-12 22:36:31,916 - default_logger - DEBUG - Update current game variables.
2026-03-12 22:36:31,972 - default_logger - DEBUG - Update current game variables.
2026-03-12 22:36:32,026 - default_logger - DEBUG - Update current game variables.
2026-03-12 22:36:32,082 - default_logger - DEBUG - Update current game variables.
2026-03-12 22:36:32,147 - default_logger - DEBUG - Update current game variables.
2026-03-12 22:36:32,208 - default_logger - DEBUG - Update current game variables.
